mode: set
datastructures/BinaryTree.go:18.42,20.2 1 1
datastructures/BinaryTree.go:22.44,24.2 1 1
datastructures/BinaryTree.go:26.70,27.17 1 1
datastructures/BinaryTree.go:27.17,29.3 1 1
datastructures/BinaryTree.go:30.2,30.23 1 1
datastructures/BinaryTree.go:30.23,32.3 1 1
datastructures/BinaryTree.go:32.8,34.3 1 1
datastructures/BinaryTree.go:35.2,35.13 1 1
datastructures/BinaryTree.go:38.34,40.2 1 1
datastructures/BinaryTree.go:42.63,43.17 1 1
datastructures/BinaryTree.go:43.17,45.3 1 1
datastructures/BinaryTree.go:46.2,48.33 3 1
datastructures/BinaryTree.go:51.40,52.19 1 1
datastructures/BinaryTree.go:52.19,54.3 1 1
datastructures/BinaryTree.go:55.2,59.28 4 1
datastructures/BinaryTree.go:59.28,63.18 3 1
datastructures/BinaryTree.go:63.18,65.19 2 1
datastructures/BinaryTree.go:65.19,66.25 1 1
datastructures/BinaryTree.go:66.25,68.6 1 1
datastructures/BinaryTree.go:69.5,69.26 1 1
datastructures/BinaryTree.go:69.26,71.6 1 1
datastructures/BinaryTree.go:72.10,73.26 1 1
datastructures/BinaryTree.go:73.26,75.6 1 0
datastructures/BinaryTree.go:76.5,76.25 1 1
datastructures/BinaryTree.go:76.25,78.6 1 0
datastructures/BinaryTree.go:82.3,82.29 1 1
datastructures/BinaryTree.go:82.29,86.4 3 1
datastructures/BinaryTree.go:90.41,92.2 1 1
datastructures/BinaryTree.go:94.43,98.2 3 1
datastructures/BinaryTree.go:100.73,101.17 1 1
datastructures/BinaryTree.go:101.17,103.3 1 1
datastructures/BinaryTree.go:104.2,106.39 3 1
datastructures/BinaryTree.go:109.53,111.33 2 1
datastructures/BinaryTree.go:111.33,113.3 1 1
datastructures/DoublyLinkedList.go:17.46,19.2 1 1
datastructures/DoublyLinkedList.go:21.51,23.19 2 1
datastructures/DoublyLinkedList.go:23.19,26.3 2 1
datastructures/DoublyLinkedList.go:26.8,30.3 3 1
datastructures/DoublyLinkedList.go:31.2,31.10 1 1
datastructures/DoublyLinkedList.go:34.52,36.19 2 1
datastructures/DoublyLinkedList.go:36.19,39.3 2 1
datastructures/DoublyLinkedList.go:39.8,43.3 3 1
datastructures/DoublyLinkedList.go:44.2,44.10 1 1
datastructures/DoublyLinkedList.go:47.39,48.19 1 1
datastructures/DoublyLinkedList.go:48.19,50.3 1 1
datastructures/DoublyLinkedList.go:51.2,52.19 2 1
datastructures/DoublyLinkedList.go:52.19,54.3 1 1
datastructures/DoublyLinkedList.go:54.8,56.3 1 1
datastructures/DoublyLinkedList.go:57.2,57.10 1 1
datastructures/DoublyLinkedList.go:60.38,61.19 1 1
datastructures/DoublyLinkedList.go:61.19,63.3 1 1
datastructures/DoublyLinkedList.go:64.2,65.19 2 1
datastructures/DoublyLinkedList.go:65.19,67.3 1 1
datastructures/DoublyLinkedList.go:67.8,69.3 1 1
datastructures/DoublyLinkedList.go:70.2,70.10 1 1
datastructures/DoublyLinkedList.go:73.60,74.20 1 1
datastructures/DoublyLinkedList.go:74.20,76.3 1 1
datastructures/DoublyLinkedList.go:77.2,77.16 1 1
datastructures/DoublyLinkedList.go:77.16,80.3 2 1
datastructures/DoublyLinkedList.go:81.2,81.21 1 1
datastructures/DoublyLinkedList.go:81.21,84.3 2 1
datastructures/DoublyLinkedList.go:86.2,87.29 2 1
datastructures/DoublyLinkedList.go:87.29,89.3 1 1
datastructures/DoublyLinkedList.go:91.2,96.10 6 1
datastructures/DoublyLinkedList.go:99.46,100.21 1 1
datastructures/DoublyLinkedList.go:100.21,102.3 1 1
datastructures/DoublyLinkedList.go:103.2,103.16 1 1
datastructures/DoublyLinkedList.go:103.16,106.3 2 1
datastructures/DoublyLinkedList.go:107.2,107.23 1 1
datastructures/DoublyLinkedList.go:107.23,110.3 2 1
datastructures/DoublyLinkedList.go:112.2,113.29 2 1
datastructures/DoublyLinkedList.go:113.29,115.3 1 1
datastructures/DoublyLinkedList.go:117.2,119.10 3 1
datastructures/DoublyLinkedList.go:122.59,123.21 1 1
datastructures/DoublyLinkedList.go:123.21,125.3 1 1
datastructures/DoublyLinkedList.go:127.2,128.29 2 1
datastructures/DoublyLinkedList.go:128.29,130.3 1 1
datastructures/DoublyLinkedList.go:131.2,131.26 1 1
datastructures/DoublyLinkedList.go:134.55,135.19 1 1
datastructures/DoublyLinkedList.go:135.19,137.3 1 1
datastructures/DoublyLinkedList.go:138.2,138.25 1 1
datastructures/DoublyLinkedList.go:141.54,142.19 1 1
datastructures/DoublyLinkedList.go:142.19,144.3 1 1
datastructures/DoublyLinkedList.go:145.2,145.25 1 1
datastructures/DoublyLinkedList.go:148.43,150.2 1 1
datastructures/DoublyLinkedList.go:152.39,154.2 1 1
datastructures/DoublyLinkedList.go:156.36,157.19 1 1
datastructures/DoublyLinkedList.go:157.19,159.3 1 1
datastructures/DoublyLinkedList.go:162.48,165.21 3 1
datastructures/DoublyLinkedList.go:165.21,168.3 2 1
datastructures/DoublyLinkedList.go:169.2,169.15 1 1
datastructures/DoublyLinkedList.go:172.58,174.35 2 1
datastructures/DoublyLinkedList.go:174.35,176.3 1 1
datastructures/HashTable.go:15.72,16.19 1 1
datastructures/HashTable.go:16.19,18.3 1 1
datastructures/HashTable.go:19.2,24.3 1 1
datastructures/HashTable.go:27.67,29.2 1 1
datastructures/HashTable.go:31.63,33.26 1 1
datastructures/HashTable.go:33.26,35.3 1 1
datastructures/HashTable.go:38.2,41.6 3 1
datastructures/HashTable.go:41.6,42.25 1 1
datastructures/HashTable.go:42.25,47.4 4 1
datastructures/HashTable.go:49.3,49.53 1 1
datastructures/HashTable.go:49.53,52.4 2 1
datastructures/HashTable.go:55.3,58.26 2 0
datastructures/HashTable.go:58.26,59.9 1 0
datastructures/HashTable.go:64.64,65.52 1 1
datastructures/HashTable.go:65.52,68.53 2 1
datastructures/HashTable.go:68.53,70.4 1 1
datastructures/HashTable.go:72.3,72.25 1 1
datastructures/HashTable.go:72.25,73.9 1 1
datastructures/HashTable.go:76.2,76.17 1 1
datastructures/HashTable.go:79.57,80.52 1 1
datastructures/HashTable.go:80.52,83.53 2 1
datastructures/HashTable.go:83.53,87.4 3 1
datastructures/HashTable.go:89.3,89.25 1 1
datastructures/HashTable.go:89.25,90.9 1 1
datastructures/HashTable.go:93.2,93.14 1 1
datastructures/HashTable.go:96.43,97.34 1 1
datastructures/HashTable.go:97.34,99.3 1 1
datastructures/HashTable.go:100.2,100.12 1 1
datastructures/HashTable.go:103.50,105.2 1 1
datastructures/HashTable.go:107.49,109.2 1 1
datastructures/HashTable.go:111.53,113.34 2 1
datastructures/HashTable.go:113.34,114.20 1 1
datastructures/HashTable.go:114.20,116.4 1 1
datastructures/HashTable.go:118.2,118.15 1 1
datastructures/HashTable.go:121.63,123.35 2 1
datastructures/HashTable.go:123.35,125.3 1 1
datastructures/Serialization.go:13.34,15.2 1 1
datastructures/Serialization.go:19.67,23.72 3 1
datastructures/Serialization.go:23.72,25.3 1 0
datastructures/Serialization.go:27.2,28.12 2 1
datastructures/Serialization.go:31.64,33.72 2 1
datastructures/Serialization.go:33.72,35.3 1 1
datastructures/Serialization.go:37.2,37.22 1 1
datastructures/Serialization.go:37.22,39.3 1 0
datastructures/Serialization.go:41.2,42.55 2 1
datastructures/Serialization.go:42.55,44.3 1 0
datastructures/Serialization.go:46.2,46.30 1 1
datastructures/Serialization.go:49.61,51.2 1 1
datastructures/Serialization.go:53.58,55.69 2 1
datastructures/Serialization.go:55.69,57.3 1 0
datastructures/Serialization.go:58.2,58.22 1 1
datastructures/Serialization.go:63.78,65.16 2 1
datastructures/Serialization.go:65.16,67.3 1 0
datastructures/Serialization.go:68.2,71.75 2 1
datastructures/Serialization.go:71.75,73.3 1 0
datastructures/Serialization.go:76.2,76.54 1 1
datastructures/Serialization.go:76.54,78.3 1 0
datastructures/Serialization.go:81.2,81.55 1 1
datastructures/Serialization.go:81.55,83.3 1 0
datastructures/Serialization.go:84.2,84.51 1 1
datastructures/Serialization.go:84.51,86.3 1 0
datastructures/Serialization.go:89.2,90.52 2 1
datastructures/Serialization.go:90.52,92.3 1 0
datastructures/Serialization.go:94.2,94.27 1 1
datastructures/Serialization.go:94.27,95.50 1 1
datastructures/Serialization.go:95.50,97.4 1 0
datastructures/Serialization.go:100.2,100.12 1 1
datastructures/Serialization.go:103.80,105.16 2 1
datastructures/Serialization.go:105.16,107.3 1 1
datastructures/Serialization.go:108.2,112.73 3 1
datastructures/Serialization.go:112.73,114.3 1 0
datastructures/Serialization.go:115.2,115.18 1 1
datastructures/Serialization.go:115.18,117.3 1 1
datastructures/Serialization.go:120.2,121.16 2 1
datastructures/Serialization.go:121.16,123.3 1 0
datastructures/Serialization.go:126.2,126.43 1 1
datastructures/Serialization.go:126.43,128.3 1 0
datastructures/Serialization.go:129.2,129.43 1 1
datastructures/Serialization.go:129.43,131.3 1 0
datastructures/Serialization.go:134.2,135.16 2 1
datastructures/Serialization.go:135.16,137.3 1 0
datastructures/Serialization.go:140.2,141.33 2 1
datastructures/Serialization.go:141.33,143.17 2 1
datastructures/Serialization.go:143.17,145.4 1 0
datastructures/Serialization.go:146.3,146.27 1 1
datastructures/Serialization.go:149.2,151.28 3 1
datastructures/Serialization.go:154.76,156.16 2 1
datastructures/Serialization.go:156.16,158.3 1 0
datastructures/Serialization.go:159.2,168.27 7 1
datastructures/Serialization.go:168.27,170.3 1 1
datastructures/Serialization.go:172.2,172.12 1 1
datastructures/Serialization.go:175.78,177.16 2 1
datastructures/Serialization.go:177.16,179.3 1 0
datastructures/Serialization.go:180.2,193.33 10 1
datastructures/Serialization.go:193.33,197.3 3 1
datastructures/Serialization.go:199.2,201.28 3 1
datastructures/Serialization.go:206.101,208.16 2 1
datastructures/Serialization.go:208.16,210.3 1 0
datastructures/Serialization.go:211.2,214.75 2 1
datastructures/Serialization.go:214.75,216.3 1 0
datastructures/Serialization.go:219.2,219.52 1 1
datastructures/Serialization.go:219.52,221.3 1 0
datastructures/Serialization.go:224.2,225.27 2 1
datastructures/Serialization.go:225.27,226.50 1 1
datastructures/Serialization.go:226.50,228.4 1 0
datastructures/Serialization.go:231.2,231.12 1 1
datastructures/Serialization.go:234.103,236.16 2 1
datastructures/Serialization.go:236.16,238.3 1 0
datastructures/Serialization.go:239.2,243.73 3 1
datastructures/Serialization.go:243.73,245.3 1 0
datastructures/Serialization.go:246.2,246.18 1 1
datastructures/Serialization.go:246.18,248.3 1 0
datastructures/Serialization.go:251.2,252.16 2 1
datastructures/Serialization.go:252.16,254.3 1 0
datastructures/Serialization.go:257.2,258.28 2 1
datastructures/Serialization.go:258.28,260.17 2 1
datastructures/Serialization.go:260.17,262.4 1 0
datastructures/Serialization.go:263.3,263.27 1 1
datastructures/Serialization.go:266.2,267.12 2 1
datastructures/Serialization.go:270.99,272.16 2 1
datastructures/Serialization.go:272.16,274.3 1 0
datastructures/Serialization.go:275.2,280.27 4 1
datastructures/Serialization.go:280.27,282.3 1 1
datastructures/Serialization.go:284.2,284.12 1 1
datastructures/Serialization.go:287.101,289.16 2 1
datastructures/Serialization.go:289.16,291.3 1 0
datastructures/Serialization.go:292.2,298.28 5 1
datastructures/Serialization.go:298.28,302.3 3 1
datastructures/Serialization.go:304.2,305.12 2 1
datastructures/Serialization.go:310.101,312.16 2 1
datastructures/Serialization.go:312.16,314.3 1 0
datastructures/Serialization.go:315.2,318.75 2 1
datastructures/Serialization.go:318.75,320.3 1 0
datastructures/Serialization.go:323.2,323.52 1 1
datastructures/Serialization.go:323.52,325.3 1 0
datastructures/Serialization.go:328.2,329.27 2 1
datastructures/Serialization.go:329.27,330.50 1 1
datastructures/Serialization.go:330.50,332.4 1 0
datastructures/Serialization.go:335.2,335.12 1 1
datastructures/Serialization.go:338.103,340.16 2 1
datastructures/Serialization.go:340.16,342.3 1 0
datastructures/Serialization.go:343.2,347.73 3 1
datastructures/Serialization.go:347.73,349.3 1 0
datastructures/Serialization.go:350.2,350.18 1 1
datastructures/Serialization.go:350.18,352.3 1 0
datastructures/Serialization.go:355.2,356.16 2 1
datastructures/Serialization.go:356.16,358.3 1 0
datastructures/Serialization.go:361.2,362.28 2 1
datastructures/Serialization.go:362.28,364.17 2 1
datastructures/Serialization.go:364.17,366.4 1 0
datastructures/Serialization.go:367.3,367.27 1 1
datastructures/Serialization.go:370.2,371.12 2 1
datastructures/Serialization.go:374.99,376.16 2 1
datastructures/Serialization.go:376.16,378.3 1 0
datastructures/Serialization.go:379.2,384.27 4 1
datastructures/Serialization.go:384.27,386.3 1 1
datastructures/Serialization.go:388.2,388.12 1 1
datastructures/Serialization.go:391.101,393.16 2 1
datastructures/Serialization.go:393.16,395.3 1 0
datastructures/Serialization.go:396.2,402.28 5 1
datastructures/Serialization.go:402.28,406.3 3 1
datastructures/Serialization.go:408.2,409.12 2 1
datastructures/Serialization.go:414.99,416.16 2 1
datastructures/Serialization.go:416.16,418.3 1 0
datastructures/Serialization.go:419.2,422.75 2 1
datastructures/Serialization.go:422.75,424.3 1 0
datastructures/Serialization.go:427.2,427.54 1 1
datastructures/Serialization.go:427.54,429.3 1 0
datastructures/Serialization.go:430.2,430.50 1 1
datastructures/Serialization.go:430.50,432.3 1 0
datastructures/Serialization.go:435.2,436.52 2 1
datastructures/Serialization.go:436.52,438.3 1 0
datastructures/Serialization.go:440.2,440.28 1 1
datastructures/Serialization.go:440.28,442.82 1 1
datastructures/Serialization.go:442.82,444.4 1 0
datastructures/Serialization.go:446.3,446.84 1 1
datastructures/Serialization.go:446.84,448.4 1 0
datastructures/Serialization.go:451.2,451.12 1 1
datastructures/Serialization.go:454.101,456.16 2 1
datastructures/Serialization.go:456.16,458.3 1 0
datastructures/Serialization.go:459.2,463.73 3 1
datastructures/Serialization.go:463.73,465.3 1 0
datastructures/Serialization.go:466.2,466.18 1 1
datastructures/Serialization.go:466.18,468.3 1 0
datastructures/Serialization.go:471.2,472.16 2 1
datastructures/Serialization.go:472.16,474.3 1 0
datastructures/Serialization.go:475.2,476.16 2 1
datastructures/Serialization.go:476.16,478.3 1 0
datastructures/Serialization.go:481.2,482.16 2 1
datastructures/Serialization.go:482.16,484.3 1 0
datastructures/Serialization.go:487.2,488.33 2 1
datastructures/Serialization.go:488.33,490.70 2 1
datastructures/Serialization.go:490.70,492.4 1 0
datastructures/Serialization.go:494.3,495.72 2 1
datastructures/Serialization.go:495.72,497.4 1 0
datastructures/Serialization.go:499.3,499.63 1 1
datastructures/Serialization.go:502.2,504.28 3 1
datastructures/Serialization.go:504.28,506.3 1 1
datastructures/Serialization.go:508.2,508.12 1 1
datastructures/Serialization.go:511.97,513.16 2 1
datastructures/Serialization.go:513.16,515.3 1 0
datastructures/Serialization.go:516.2,524.28 6 1
datastructures/Serialization.go:524.28,526.3 1 1
datastructures/Serialization.go:528.2,528.12 1 1
datastructures/Serialization.go:531.99,533.16 2 1
datastructures/Serialization.go:533.16,535.3 1 0
datastructures/Serialization.go:536.2,546.33 8 1
datastructures/Serialization.go:546.33,551.3 4 1
datastructures/Serialization.go:553.2,555.28 3 1
datastructures/Serialization.go:555.28,557.3 1 1
datastructures/Serialization.go:559.2,559.12 1 1
datastructures/Serialization.go:564.87,566.16 2 1
datastructures/Serialization.go:566.16,568.3 1 0
datastructures/Serialization.go:569.2,572.75 2 1
datastructures/Serialization.go:572.75,574.3 1 0
datastructures/Serialization.go:577.2,578.52 2 1
datastructures/Serialization.go:578.52,580.3 1 0
datastructures/Serialization.go:582.2,582.27 1 1
datastructures/Serialization.go:582.27,583.77 1 1
datastructures/Serialization.go:583.77,585.4 1 0
datastructures/Serialization.go:588.2,588.12 1 1
datastructures/Serialization.go:591.89,593.16 2 1
datastructures/Serialization.go:593.16,595.3 1 0
datastructures/Serialization.go:596.2,600.73 3 1
datastructures/Serialization.go:600.73,602.3 1 0
datastructures/Serialization.go:603.2,603.18 1 1
datastructures/Serialization.go:603.18,605.3 1 0
datastructures/Serialization.go:608.2,609.16 2 1
datastructures/Serialization.go:609.16,611.3 1 0
datastructures/Serialization.go:614.2,615.33 2 1
datastructures/Serialization.go:615.33,617.70 2 1
datastructures/Serialization.go:617.70,619.4 1 0
datastructures/Serialization.go:620.3,620.32 1 1
datastructures/Serialization.go:623.2,624.12 2 1
datastructures/Serialization.go:627.85,629.16 2 1
datastructures/Serialization.go:629.16,631.3 1 0
datastructures/Serialization.go:632.2,637.27 4 1
datastructures/Serialization.go:637.27,638.12 1 1
datastructures/Serialization.go:638.12,640.4 1 1
datastructures/Serialization.go:641.3,641.31 1 1
datastructures/Serialization.go:643.2,645.12 2 1
datastructures/Serialization.go:648.87,650.16 2 1
datastructures/Serialization.go:650.16,652.3 1 0
datastructures/Serialization.go:653.2,659.33 5 1
datastructures/Serialization.go:659.33,663.3 3 1
datastructures/Serialization.go:665.2,666.12 2 1
datastructures/Serialization.go:672.80,674.16 2 1
datastructures/Serialization.go:674.16,676.3 1 0
datastructures/Serialization.go:677.2,680.75 2 1
datastructures/Serialization.go:680.75,682.3 1 0
datastructures/Serialization.go:685.2,685.55 1 1
datastructures/Serialization.go:685.55,687.3 1 0
datastructures/Serialization.go:690.2,691.37 2 1
datastructures/Serialization.go:691.37,692.58 1 1
datastructures/Serialization.go:692.58,694.4 1 0
datastructures/Serialization.go:697.2,697.12 1 1
datastructures/Serialization.go:701.82,703.16 2 1
datastructures/Serialization.go:703.16,705.3 1 0
datastructures/Serialization.go:706.2,710.73 3 1
datastructures/Serialization.go:710.73,712.3 1 0
datastructures/Serialization.go:713.2,713.18 1 1
datastructures/Serialization.go:713.18,715.3 1 0
datastructures/Serialization.go:718.2,719.16 2 1
datastructures/Serialization.go:719.16,721.3 1 0
datastructures/Serialization.go:724.2,725.28 2 1
datastructures/Serialization.go:725.28,727.17 2 1
datastructures/Serialization.go:727.17,729.4 1 1
datastructures/Serialization.go:730.3,730.35 1 1
datastructures/Serialization.go:734.2,735.12 2 1
datastructures/Serialization.go:739.78,741.16 2 1
datastructures/Serialization.go:741.16,743.3 1 0
datastructures/Serialization.go:744.2,752.37 6 1
datastructures/Serialization.go:752.37,754.3 1 1
datastructures/Serialization.go:756.2,756.12 1 1
datastructures/Serialization.go:760.80,762.16 2 1
datastructures/Serialization.go:762.16,764.3 1 0
datastructures/Serialization.go:765.2,769.24 4 1
datastructures/Serialization.go:769.24,771.3 1 0
datastructures/Serialization.go:773.2,780.33 6 1
datastructures/Serialization.go:780.33,784.3 3 1
datastructures/Serialization.go:786.2,787.12 2 1
datastructures/Serialization.go:791.88,793.16 2 1
datastructures/Serialization.go:793.16,795.3 1 0
datastructures/Serialization.go:796.2,801.37 4 1
datastructures/Serialization.go:801.37,803.3 1 1
datastructures/Serialization.go:805.2,805.12 1 1
datastructures/Serialization.go:809.90,811.16 2 1
datastructures/Serialization.go:811.16,813.3 1 0
datastructures/Serialization.go:814.2,820.28 5 1
datastructures/Serialization.go:820.28,824.3 3 1
datastructures/Serialization.go:826.2,827.12 2 1
datastructures/Serialization.go:831.87,833.16 2 1
datastructures/Serialization.go:833.16,835.3 1 0
datastructures/Serialization.go:836.2,838.55 2 1
datastructures/Serialization.go:838.55,840.3 1 0
datastructures/Serialization.go:842.2,843.37 2 1
datastructures/Serialization.go:843.37,844.58 1 1
datastructures/Serialization.go:844.58,846.4 1 0
datastructures/Serialization.go:849.2,849.12 1 1
datastructures/Serialization.go:853.89,855.16 2 1
datastructures/Serialization.go:855.16,857.3 1 0
datastructures/Serialization.go:858.2,861.16 3 1
datastructures/Serialization.go:861.16,863.3 1 0
datastructures/Serialization.go:865.2,866.28 2 1
datastructures/Serialization.go:866.28,868.17 2 1
datastructures/Serialization.go:868.17,870.4 1 0
datastructures/Serialization.go:871.3,871.35 1 1
datastructures/Serialization.go:874.2,875.12 2 1
datastructures/SinglyLinkedList.go:16.46,18.2 1 1
datastructures/SinglyLinkedList.go:20.51,22.19 2 1
datastructures/SinglyLinkedList.go:22.19,25.3 2 1
datastructures/SinglyLinkedList.go:25.8,28.3 2 1
datastructures/SinglyLinkedList.go:29.2,29.10 1 1
datastructures/SinglyLinkedList.go:32.52,34.19 2 1
datastructures/SinglyLinkedList.go:34.19,37.3 2 1
datastructures/SinglyLinkedList.go:37.8,40.3 2 1
datastructures/SinglyLinkedList.go:41.2,41.10 1 1
datastructures/SinglyLinkedList.go:44.39,45.19 1 1
datastructures/SinglyLinkedList.go:45.19,47.3 1 1
datastructures/SinglyLinkedList.go:48.2,50.19 3 1
datastructures/SinglyLinkedList.go:50.19,52.3 1 1
datastructures/SinglyLinkedList.go:55.60,56.20 1 1
datastructures/SinglyLinkedList.go:56.20,58.3 1 1
datastructures/SinglyLinkedList.go:59.2,59.16 1 1
datastructures/SinglyLinkedList.go:59.16,62.3 2 1
datastructures/SinglyLinkedList.go:63.2,63.21 1 1
datastructures/SinglyLinkedList.go:63.21,66.3 2 1
datastructures/SinglyLinkedList.go:68.2,69.31 2 1
datastructures/SinglyLinkedList.go:69.31,71.3 1 0
datastructures/SinglyLinkedList.go:73.2,76.10 4 1
datastructures/SinglyLinkedList.go:79.46,80.21 1 1
datastructures/SinglyLinkedList.go:80.21,82.3 1 1
datastructures/SinglyLinkedList.go:83.2,83.16 1 1
datastructures/SinglyLinkedList.go:83.16,86.3 2 1
datastructures/SinglyLinkedList.go:88.2,89.31 2 1
datastructures/SinglyLinkedList.go:89.31,91.3 1 1
datastructures/SinglyLinkedList.go:93.2,94.25 2 1
datastructures/SinglyLinkedList.go:94.25,96.3 1 1
datastructures/SinglyLinkedList.go:97.2,97.10 1 1
datastructures/SinglyLinkedList.go:100.59,101.21 1 1
datastructures/SinglyLinkedList.go:101.21,103.3 1 1
datastructures/SinglyLinkedList.go:105.2,106.29 2 1
datastructures/SinglyLinkedList.go:106.29,108.3 1 1
datastructures/SinglyLinkedList.go:109.2,109.26 1 1
datastructures/SinglyLinkedList.go:112.43,114.2 1 1
datastructures/SinglyLinkedList.go:116.39,118.2 1 1
datastructures/SinglyLinkedList.go:120.36,121.19 1 1
datastructures/SinglyLinkedList.go:121.19,123.3 1 1
datastructures/SinglyLinkedList.go:126.48,129.21 3 1
datastructures/SinglyLinkedList.go:129.21,132.3 2 1
datastructures/SinglyLinkedList.go:133.2,133.15 1 1
datastructures/SinglyLinkedList.go:136.58,138.35 2 1
datastructures/SinglyLinkedList.go:138.35,140.3 1 1
datastructures/array.go:19.31,21.16 2 1
datastructures/array.go:21.16,22.25 1 0
datastructures/array.go:24.2,24.21 1 1
datastructures/array.go:27.24,28.14 1 1
datastructures/array.go:28.14,30.3 1 1
datastructures/array.go:33.49,43.2 3 1
datastructures/array.go:45.24,46.17 1 1
datastructures/array.go:46.17,51.3 4 1
datastructures/array.go:54.57,57.2 2 1
datastructures/array.go:59.45,60.34 1 1
datastructures/array.go:60.34,62.3 1 0
datastructures/array.go:63.2,65.24 2 1
datastructures/array.go:68.52,69.38 1 1
datastructures/array.go:69.38,71.3 1 1
datastructures/array.go:72.2,74.25 2 1
datastructures/array.go:77.26,84.30 4 1
datastructures/array.go:84.30,89.3 3 1
datastructures/array.go:91.2,93.26 3 1
datastructures/array.go:96.40,97.26 1 1
datastructures/array.go:97.26,99.3 1 1
datastructures/array.go:100.2,101.10 2 1
datastructures/array.go:104.54,105.33 1 1
datastructures/array.go:105.33,108.3 2 1
datastructures/array.go:110.2,110.26 1 1
datastructures/array.go:110.26,112.3 1 1
datastructures/array.go:115.2,115.34 1 1
datastructures/array.go:115.34,118.3 2 1
datastructures/array.go:120.2,122.13 3 1
datastructures/array.go:125.39,126.34 1 1
datastructures/array.go:126.34,129.3 2 1
datastructures/array.go:130.2,130.27 1 1
datastructures/array.go:133.40,134.34 1 1
datastructures/array.go:134.34,137.3 2 1
datastructures/array.go:140.2,140.36 1 1
datastructures/array.go:140.36,143.3 2 1
datastructures/array.go:146.2,148.13 3 1
datastructures/array.go:151.55,152.34 1 1
datastructures/array.go:152.34,155.3 2 1
datastructures/array.go:156.2,157.13 2 1
datastructures/array.go:160.30,162.2 1 0
datastructures/array.go:164.28,166.2 1 1
datastructures/array.go:168.25,170.30 2 0
datastructures/array.go:170.30,172.19 2 0
datastructures/array.go:172.19,174.4 1 0
datastructures/array.go:176.2,176.19 1 0
datastructures/array.go:180.43,181.50 1 1
datastructures/array.go:181.50,183.3 1 1
datastructures/array.go:185.2,185.30 1 1
datastructures/array.go:185.30,186.43 1 1
datastructures/array.go:186.43,188.4 1 0
datastructures/array.go:191.2,191.13 1 1
datastructures/array.go:194.31,196.30 2 1
datastructures/array.go:196.30,198.3 1 1
datastructures/array.go:199.2,199.15 1 1
datastructures/array.go:202.36,204.30 2 1
datastructures/array.go:204.30,206.3 1 1
datastructures/array.go:207.2,207.15 1 1
datastructures/array.go:210.48,216.19 4 1
datastructures/array.go:216.19,218.3 1 1
datastructures/array.go:220.2,225.33 5 1
datastructures/array.go:225.33,229.3 3 1
datastructures/array.go:234.2,234.12 1 1
datastructures/main.go:7.13,99.27 63 0
datastructures/main.go:99.27,101.3 1 0
datastructures/main.go:103.2,110.80 6 0
datastructures/stack.go:17.24,22.2 1 1
datastructures/stack.go:24.36,31.2 3 1
datastructures/stack.go:33.23,34.18 1 1
datastructures/stack.go:34.18,36.3 1 1
datastructures/stack.go:37.2,38.10 2 1
datastructures/stack.go:41.39,42.18 1 1
datastructures/stack.go:42.18,44.3 1 1
datastructures/stack.go:45.2,45.24 1 1
datastructures/stack.go:48.32,50.2 1 1
datastructures/stack.go:52.28,54.2 1 1
datastructures/stack.go:56.25,57.19 1 1
datastructures/stack.go:57.19,59.3 1 1
datastructures/stack.go:62.25,66.2 3 1
datastructures/stack.go:68.49,69.17 1 1
datastructures/stack.go:69.17,71.3 1 1
datastructures/stack.go:72.2,73.34 2 1
datastructures/stack.go:77.37,80.21 3 1
datastructures/stack.go:80.21,83.3 2 1
datastructures/stack.go:84.2,84.15 1 1
datastructures/stack.go:89.47,92.42 2 1
datastructures/stack.go:92.42,94.3 1 1
datastructures/stack.go:98.44,102.2 3 1
datastructures/stack.go:104.67,105.17 1 1
datastructures/stack.go:105.17,107.3 1 1
datastructures/stack.go:108.2,109.38 2 1
datastructures/stack.go:113.43,114.26 1 1
datastructures/stack.go:114.26,116.3 1 0
datastructures/stack.go:119.2,122.41 3 1
datastructures/stack.go:122.41,123.37 1 1
datastructures/stack.go:123.37,125.4 1 1
datastructures/stack.go:126.3,127.27 2 1
datastructures/stack.go:130.2,130.13 1 1
datastructures/stack.go:134.31,137.37 3 1
datastructures/stack.go:137.37,139.3 1 1
datastructures/stack.go:140.2,140.17 1 1
